Looking in indexes: https://pypi.tuna.tsinghua.edu.cn/simple
Collecting EduCDM
  Using cached EduCDM-1.0.1-py3-none-any.whl (64 kB)
Requirement already satisfied: torch in .\icd-venv\Lib\site-packages (from EduCDM) (2.9.1)
Collecting tqdm (from EduCDM)
  Downloading tqdm-4.68.3-py3-none-any.whl (78 kB)
Collecting numpy>=1.16.5 (from EduCDM)
  Downloading numpy-2.5.0-cp313-cp313-win_amd64.whl (12.4 MB)
     ---------------------------------------- 12.4/12.4 MB 11.7 MB/s  0:00:01
Collecting scikit-learn (from EduCDM)
  Downloading scikit_learn-1.9.0-cp313-cp313-win_amd64.whl (8.2 MB)
     ---------------------------------------- 8.2/8.2 MB 15.1 MB/s  0:00:00
Collecting pandas (from EduCDM)
  Downloading pandas-3.0.3-cp313-cp313-win_amd64.whl (9.8 MB)
     ---------------------------------------- 9.8/9.8 MB 9.1 MB/s  0:00:01
Collecting longling>=1.3.33 (from EduCDM)
  Downloading longling-1.4.3-py3-none-any.whl (141 kB)
  Downloading longling-1.3.36-py3-none-any.whl (206 kB)
Collecting PyBaize>=0.0.7 (from EduCDM)
  Downloading PyBaize-0.0.7-py3-none-any.whl (29 kB)
Collecting fire (from EduCDM)
  Downloading fire-0.7.1-py3-none-any.whl (115 kB)
Requirement already satisfied: pip in .\icd-venv\Lib\site-packages (from longling>=1.3.33->EduCDM) (26.1.2)
Collecting PyYAML>=5.1 (from longling>=1.3.33->EduCDM)
  Downloading pyyaml-6.0.3-cp313-cp313-win_amd64.whl (154 kB)
Collecting toml (from longling>=1.3.33->EduCDM)
  Downloading toml-0.10.2-py2.py3-none-any.whl (16 kB)
Collecting multiprocess (from longling>=1.3.33->EduCDM)
  Downloading multiprocess-0.70.19-py313-none-any.whl (156 kB)
Collecting nni>=1.8 (from PyBaize>=0.0.7->EduCDM)
  Downloading nni-3.0-py3-none-win_amd64.whl (58.8 MB)
     ---------------------------------------- 58.8/58.8 MB 1.9 MB/s  0:00:33
Collecting scipy (from longling[ml]>=1.3.35->PyBaize>=0.0.7->EduCDM)
  Downloading scipy-1.18.0-cp313-cp313-win_amd64.whl (36.6 MB)
     ---------------------------------------- 36.6/36.6 MB 5.8 MB/s  0:00:06
Collecting astor (from nni>=1.8->PyBaize>=0.0.7->EduCDM)
  Downloading astor-0.8.1-py2.py3-none-any.whl (27 kB)
Collecting cloudpickle (from nni>=1.8->PyBaize>=0.0.7->EduCDM)
  Downloading cloudpickle-3.1.2-py3-none-any.whl (22 kB)
Collecting colorama (from nni>=1.8->PyBaize>=0.0.7->EduCDM)
  Downloading colorama-0.4.6-py2.py3-none-any.whl (25 kB)
Collecting filelock<3.12 (from nni>=1.8->PyBaize>=0.0.7->EduCDM)
  Downloading filelock-3.11.0-py3-none-any.whl (10.0 kB)
Collecting json-tricks>=3.15.5 (from nni>=1.8->PyBaize>=0.0.7->EduCDM)
  Downloading json_tricks-3.17.3-py2.py3-none-any.whl (27 kB)
Collecting nvidia-ml-py (from nni>=1.8->PyBaize>=0.0.7->EduCDM)
  Downloading nvidia_ml_py-13.610.43-py3-none-any.whl (53 kB)
Collecting packaging (from nni>=1.8->PyBaize>=0.0.7->EduCDM)
  Downloading packaging-26.2-py3-none-any.whl (100 kB)
Collecting prettytable (from nni>=1.8->PyBaize>=0.0.7->EduCDM)
  Downloading prettytable-3.18.0-py3-none-any.whl (37 kB)
Collecting psutil (from nni>=1.8->PyBaize>=0.0.7->EduCDM)
  Downloading psutil-7.2.2-cp37-abi3-win_amd64.whl (137 kB)
Collecting PythonWebHDFS (from nni>=1.8->PyBaize>=0.0.7->EduCDM)
  Downloading PythonWebHDFS-0.2.3-py3-none-any.whl (10 kB)
Collecting requests (from nni>=1.8->PyBaize>=0.0.7->EduCDM)
  Downloading requests-2.34.2-py3-none-any.whl (73 kB)
Collecting responses (from nni>=1.8->PyBaize>=0.0.7->EduCDM)
  Downloading responses-0.26.1-py3-none-any.whl (35 kB)
Collecting schema (from nni>=1.8->PyBaize>=0.0.7->EduCDM)
  Downloading schema-0.7.8-py2.py3-none-any.whl (19 kB)
Collecting typeguard<4.1.3,>=3.0.0 (from nni>=1.8->PyBaize>=0.0.7->EduCDM)
  Downloading typeguard-4.1.2-py3-none-any.whl (33 kB)
Requirement already satisfied: typing-extensions>=4.7.0 in .\icd-venv\Lib\site-packages (from nni>=1.8->PyBaize>=0.0.7->EduCDM) (4.15.0)
Collecting websockets>=10.1 (from nni>=1.8->PyBaize>=0.0.7->EduCDM)
  Downloading websockets-16.0-cp313-cp313-win_amd64.whl (178 kB)
Collecting joblib>=1.4.0 (from scikit-learn->EduCDM)
  Downloading joblib-1.5.3-py3-none-any.whl (309 kB)
Collecting narwhals>=2.0.1 (from scikit-learn->EduCDM)
  Downloading narwhals-2.22.1-py3-none-any.whl (454 kB)
Collecting threadpoolctl>=3.5.0 (from scikit-learn->EduCDM)
  Downloading threadpoolctl-3.6.0-py3-none-any.whl (18 kB)
Collecting termcolor (from fire->EduCDM)
  Downloading termcolor-3.3.0-py3-none-any.whl (7.7 kB)
Collecting dill>=0.4.1 (from multiprocess->longling>=1.3.33->EduCDM)
  Downloading dill-0.4.1-py3-none-any.whl (120 kB)
Collecting python-dateutil>=2.8.2 (from pandas->EduCDM)
  Downloading python_dateutil-2.9.0.post0-py2.py3-none-any.whl (229 kB)
Collecting tzdata (from pandas->EduCDM)
  Downloading tzdata-2026.2-py2.py3-none-any.whl (349 kB)
Collecting six>=1.5 (from python-dateutil>=2.8.2->pandas->EduCDM)
  Downloading six-1.17.0-py2.py3-none-any.whl (11 kB)
Collecting wcwidth>=0.3.5 (from prettytable->nni>=1.8->PyBaize>=0.0.7->EduCDM)
  Downloading wcwidth-0.8.2-py3-none-any.whl (323 kB)
Collecting simplejson (from PythonWebHDFS->nni>=1.8->PyBaize>=0.0.7->EduCDM)
  Downloading simplejson-4.1.1-cp313-cp313-win_amd64.whl (90 kB)
Collecting charset_normalizer<4,>=2 (from requests->nni>=1.8->PyBaize>=0.0.7->EduCDM)
  Downloading charset_normalizer-3.4.7-cp313-cp313-win_amd64.whl (158 kB)
Collecting idna<4,>=2.5 (from requests->nni>=1.8->PyBaize>=0.0.7->EduCDM)
  Downloading idna-3.18-py3-none-any.whl (65 kB)
Collecting urllib3<3,>=1.26 (from requests->nni>=1.8->PyBaize>=0.0.7->EduCDM)
  Downloading urllib3-2.7.0-py3-none-any.whl (131 kB)
Collecting certifi>=2023.5.7 (from requests->nni>=1.8->PyBaize>=0.0.7->EduCDM)
  Downloading certifi-2026.6.17-py3-none-any.whl (133 kB)
Requirement already satisfied: sympy>=1.13.3 in .\icd-venv\Lib\site-packages (from torch->EduCDM) (1.14.0)
Requirement already satisfied: networkx>=2.5.1 in .\icd-venv\Lib\site-packages (from torch->EduCDM) (3.6.1)
Requirement already satisfied: jinja2 in .\icd-venv\Lib\site-packages (from torch->EduCDM) (3.1.6)
Requirement already satisfied: fsspec>=0.8.5 in .\icd-venv\Lib\site-packages (from torch->EduCDM) (2026.6.0)
Requirement already satisfied: setuptools in .\icd-venv\Lib\site-packages (from torch->EduCDM) (82.0.1)
Requirement already satisfied: mpmath<1.4,>=1.1.0 in .\icd-venv\Lib\site-packages (from sympy>=1.13.3->torch->EduCDM) (1.3.0)
Requirement already satisfied: MarkupSafe>=2.0 in .\icd-venv\Lib\site-packages (from jinja2->torch->EduCDM) (3.0.3)
Installing collected packages: schema, nvidia-ml-py, json-tricks, websockets, wcwidth, urllib3, tzdata, typeguard, toml, threadpoolctl, termcolor, six, simplejson, PyYAML, psutil, packaging, numpy, narwhals, joblib, idna, filelock, dill, colorama, cloudpickle, charset_normalizer, certifi, astor, tqdm, scipy, requests, python-dateutil, prettytable, multiprocess, fire, scikit-learn, responses, PythonWebHDFS, pandas, longling, nni, PyBaize, EduCDM
  Attempting uninstall: filelock
    Found existing installation: filelock 3.29.4
    Uninstalling filelock-3.29.4:
      Successfully uninstalled filelock-3.29.4

Successfully installed EduCDM-1.0.1 PyBaize-0.0.7 PyYAML-6.0.3 PythonWebHDFS-0.2.3 astor-0.8.1 certifi-2026.6.17 charset_normalizer-3.4.7 cloudpickle-3.1.2 colorama-0.4.6 dill-0.4.1 filelock-3.11.0 fire-0.7.1 idna-3.18 joblib-1.5.3 json-tricks-3.17.3 longling-1.3.36 multiprocess-0.70.19 narwhals-2.22.1 nni-3.0 numpy-2.5.0 nvidia-ml-py-13.610.43 packaging-26.2 pandas-3.0.3 prettytable-3.18.0 psutil-7.2.2 python-dateutil-2.9.0.post0 requests-2.34.2 responses-0.26.1 schema-0.7.8 scikit-learn-1.9.0 scipy-1.18.0 simplejson-4.1.1 six-1.17.0 termcolor-3.3.0 threadpoolctl-3.6.0 toml-0.10.2 tqdm-4.68.3 typeguard-4.1.2 tzdata-2026.2 urllib3-2.7.0 wcwidth-0.8.2 websockets-16.0
