Looking in indexes: https://pypi.tuna.tsinghua.edu.cn/simple
Collecting EduCDM
  Downloading EduCDM-1.0.1-py3-none-any.whl (64 kB)
Collecting torch (from EduCDM)
  Downloading torch-2.12.1-cp313-cp313-win_amd64.whl (123.0 MB)
     ---------------------------             86.3/123.0 MB 1.8 MB/s eta 0:00:21
ERROR: Exception:
Traceback (most recent call last):
  File "D:\CD_continue\_scratch\icd-venv\Lib\site-packages\pip\_vendor\urllib3\response.py", line 897, in _error_catcher
    yield
  File "D:\CD_continue\_scratch\icd-venv\Lib\site-packages\pip\_vendor\urllib3\response.py", line 1043, in _raw_read
    raise IncompleteRead(self._fp_bytes_read, self.length_remaining)
pip._vendor.urllib3.exceptions.IncompleteRead: IncompleteRead(86294265 bytes read, 36693512 more expected)

The above exception was the direct cause of the following exception:

Traceback (most recent call last):
  File "D:\CD_continue\_scratch\icd-venv\Lib\site-packages\pip\_internal\cli\base_command.py", line 109, in _run_wrapper
    status = _inner_run()
  File "D:\CD_continue\_scratch\icd-venv\Lib\site-packages\pip\_internal\cli\base_command.py", line 102, in _inner_run
    return self.run(options, args)
           ~~~~~~~~^^^^^^^^^^^^^^^
  File "D:\CD_continue\_scratch\icd-venv\Lib\site-packages\pip\_internal\cli\req_command.py", line 101, in wrapper
    return func(self, options, args)
  File "D:\CD_continue\_scratch\icd-venv\Lib\site-packages\pip\_internal\commands\install.py", line 479, in run
    requirement_set = resolver.resolve(
        reqs, check_supported_wheels=not options.target_dir
    )
  File "D:\CD_continue\_scratch\icd-venv\Lib\site-packages\pip\_internal\resolution\resolvelib\resolver.py", line 99, in resolve
    result = self._result = resolver.resolve(
                            ~~~~~~~~~~~~~~~~^
        collected.requirements, max_rounds=limit_how_complex_resolution_can_be
        ^^^^^^^^^^^^^^^^^^^^^^^^^^^^^^^^^^^^^^^^^^^^^^^^^^^^^^^^^^^^^^^^^^^^^^
    )
    ^
  File "D:\CD_continue\_scratch\icd-venv\Lib\site-packages\pip\_vendor\resolvelib\resolvers\resolution.py", line 601, in resolve
    state = resolution.resolve(requirements, max_rounds=max_rounds)
  File "D:\CD_continue\_scratch\icd-venv\Lib\site-packages\pip\_vendor\resolvelib\resolvers\resolution.py", line 513, in resolve
    failure_criterion = self._attempt_to_pin_criterion(name)
  File "D:\CD_continue\_scratch\icd-venv\Lib\site-packages\pip\_vendor\resolvelib\resolvers\resolution.py", line 220, in _attempt_to_pin_criterion
    criteria = self._get_updated_criteria(candidate)
  File "D:\CD_continue\_scratch\icd-venv\Lib\site-packages\pip\_vendor\resolvelib\resolvers\resolution.py", line 211, in _get_updated_criteria
    self._add_to_criteria(criteria, requirement, parent=candidate)
    ~~~~~~~~~~~~~~~~~~~~~^^^^^^^^^^^^^^^^^^^^^^^^^^^^^^^^^^^^^^^^^
  File "D:\CD_continue\_scratch\icd-venv\Lib\site-packages\pip\_vendor\resolvelib\resolvers\resolution.py", line 150, in _add_to_criteria
    if not criterion.candidates:
           ^^^^^^^^^^^^^^^^^^^^
  File "D:\CD_continue\_scratch\icd-venv\Lib\site-packages\pip\_vendor\resolvelib\structs.py", line 194, in __bool__
    return bool(self._sequence)
  File "D:\CD_continue\_scratch\icd-venv\Lib\site-packages\pip\_internal\resolution\resolvelib\found_candidates.py", line 165, in __bool__
    self._bool = any(self)
                 ~~~^^^^^^
  File "D:\CD_continue\_scratch\icd-venv\Lib\site-packages\pip\_internal\resolution\resolvelib\found_candidates.py", line 149, in <genexpr>
    return (c for c in iterator if id(c) not in self._incompatible_ids)
                       ^^^^^^^^
  File "D:\CD_continue\_scratch\icd-venv\Lib\site-packages\pip\_internal\resolution\resolvelib\found_candidates.py", line 39, in _iter_built
    candidate = func()
  File "D:\CD_continue\_scratch\icd-venv\Lib\site-packages\pip\_internal\resolution\resolvelib\factory.py", line 182, in _make_candidate_from_link
    base: BaseCandidate | None = self._make_base_candidate_from_link(
                                 ~~~~~~~~~~~~~~~~~~~~~~~~~~~~~~~~~~~^
        link, template, name, version
        ^^^^^^^^^^^^^^^^^^^^^^^^^^^^^
    )
    ^
  File "D:\CD_continue\_scratch\icd-venv\Lib\site-packages\pip\_internal\resolution\resolvelib\factory.py", line 228, in _make_base_candidate_from_link
    self._link_candidate_cache[link] = LinkCandidate(
                                       ~~~~~~~~~~~~~^
        link,
        ^^^^^
    ...<3 lines>...
        version=version,
        ^^^^^^^^^^^^^^^^
    )
    ^
  File "D:\CD_continue\_scratch\icd-venv\Lib\site-packages\pip\_internal\resolution\resolvelib\candidates.py", line 326, in __init__
    super().__init__(
    ~~~~~~~~~~~~~~~~^
        link=link,
        ^^^^^^^^^^
    ...<4 lines>...
        version=version,
        ^^^^^^^^^^^^^^^^
    )
    ^
  File "D:\CD_continue\_scratch\icd-venv\Lib\site-packages\pip\_internal\resolution\resolvelib\candidates.py", line 168, in __init__
    self.dist = self._prepare()
                ~~~~~~~~~~~~~^^
  File "D:\CD_continue\_scratch\icd-venv\Lib\site-packages\pip\_internal\resolution\resolvelib\candidates.py", line 246, in _prepare
    dist = self._prepare_distribution()
  File "D:\CD_continue\_scratch\icd-venv\Lib\site-packages\pip\_internal\resolution\resolvelib\candidates.py", line 337, in _prepare_distribution
    return preparer.prepare_linked_requirement(self._ireq, parallel_builds=True)
           ~~~~~~~~~~~~~~~~~~~~~~~~~~~~~~~~~~~^^^^^^^^^^^^^^^^^^^^^^^^^^^^^^^^^^
  File "D:\CD_continue\_scratch\icd-venv\Lib\site-packages\pip\_internal\operations\prepare.py", line 542, in prepare_linked_requirement
    return self._prepare_linked_requirement(req, parallel_builds)
           ~~~~~~~~~~~~~~~~~~~~~~~~~~~~~~~~^^^^^^^^^^^^^^^^^^^^^^
  File "D:\CD_continue\_scratch\icd-venv\Lib\site-packages\pip\_internal\operations\prepare.py", line 613, in _prepare_linked_requirement
    local_file = unpack_url(
        link,
    ...<4 lines>...
        hashes,
    )
  File "D:\CD_continue\_scratch\icd-venv\Lib\site-packages\pip\_internal\operations\prepare.py", line 180, in unpack_url
    file = get_http_url(
        link,
    ...<2 lines>...
        hashes=hashes,
    )
  File "D:\CD_continue\_scratch\icd-venv\Lib\site-packages\pip\_internal\operations\prepare.py", line 121, in get_http_url
    from_path, content_type = download(link, temp_dir.path)
                              ~~~~~~~~^^^^^^^^^^^^^^^^^^^^^
  File "D:\CD_continue\_scratch\icd-venv\Lib\site-packages\pip\_internal\network\download.py", line 193, in __call__
    self._process_response(download, resp)
    ~~~~~~~~~~~~~~~~~~~~~~^^^^^^^^^^^^^^^^
  File "D:\CD_continue\_scratch\icd-venv\Lib\site-packages\pip\_internal\network\download.py", line 210, in _process_response
    for chunk in chunks:
                 ^^^^^^
  File "D:\CD_continue\_scratch\icd-venv\Lib\site-packages\pip\_internal\cli\progress_bars.py", line 69, in _rich_download_progress_bar
    for chunk in iterable:
                 ^^^^^^^^
  File "D:\CD_continue\_scratch\icd-venv\Lib\site-packages\pip\_internal\network\utils.py", line 65, in response_chunks
    for chunk in response.raw.stream(
                 ~~~~~~~~~~~~~~~~~~~^
        chunk_size,
        ^^^^^^^^^^^
    ...<22 lines>...
        decode_content=False,
        ^^^^^^^^^^^^^^^^^^^^^
    ):
    ^
  File "D:\CD_continue\_scratch\icd-venv\Lib\site-packages\pip\_vendor\urllib3\response.py", line 1251, in stream
    data = self.read(amt=amt, decode_content=decode_content)
  File "D:\CD_continue\_scratch\icd-venv\Lib\site-packages\pip\_vendor\urllib3\response.py", line 1106, in read
    data = self._raw_read(amt)
  File "D:\CD_continue\_scratch\icd-venv\Lib\site-packages\pip\_vendor\urllib3\response.py", line 1021, in _raw_read
    with self._error_catcher():
         ~~~~~~~~~~~~~~~~~~~^^
  File "C:\Users\Administrator\AppData\Local\Programs\Python\Python313\Lib\contextlib.py", line 162, in __exit__
    self.gen.throw(value)
    ~~~~~~~~~~~~~~^^^^^^^
  File "D:\CD_continue\_scratch\icd-venv\Lib\site-packages\pip\_vendor\urllib3\response.py", line 921, in _error_catcher
    raise ProtocolError(arg, e) from e
pip._vendor.urllib3.exceptions.ProtocolError: ('Connection broken: IncompleteRead(86294265 bytes read, 36693512 more expected)', IncompleteRead(86294265 bytes read, 36693512 more expected))
EXIT=2
