Looking in indexes: https://pypi.tuna.tsinghua.edu.cn/simple
Processing .\wheels\torch-2.9.1-cp313-cp313-win_amd64.whl
Collecting filelock (from torch==2.9.1)
  Downloading filelock-3.29.4-py3-none-any.whl (42 kB)
Collecting typing-extensions>=4.10.0 (from torch==2.9.1)
  Downloading typing_extensions-4.15.0-py3-none-any.whl (44 kB)
Collecting sympy>=1.13.3 (from torch==2.9.1)
  Downloading sympy-1.14.0-py3-none-any.whl (6.3 MB)
     ---------------------------------------- 6.3/6.3 MB 617.3 kB/s  0:00:11
Collecting networkx>=2.5.1 (from torch==2.9.1)
  Downloading networkx-3.6.1-py3-none-any.whl (2.1 MB)
     ---------------------------------------- 2.1/2.1 MB 553.1 kB/s  0:00:03
Collecting jinja2 (from torch==2.9.1)
  Downloading jinja2-3.1.6-py3-none-any.whl (134 kB)
Collecting fsspec>=0.8.5 (from torch==2.9.1)
  Downloading fsspec-2026.6.0-py3-none-any.whl (203 kB)
Collecting setuptools (from torch==2.9.1)
  Downloading setuptools-82.0.1-py3-none-any.whl (1.0 MB)
     ---------------------------------------- 1.0/1.0 MB 490.1 kB/s  0:00:01
Collecting mpmath<1.4,>=1.1.0 (from sympy>=1.13.3->torch==2.9.1)
  Downloading mpmath-1.3.0-py3-none-any.whl (536 kB)
     --------------------------------------- 536.2/536.2 kB 727.7 kB/s  0:00:00
Collecting MarkupSafe>=2.0 (from jinja2->torch==2.9.1)
  Downloading markupsafe-3.0.3-cp313-cp313-win_amd64.whl (15 kB)
Installing collected packages: mpmath, typing-extensions, sympy, setuptools, networkx, MarkupSafe, fsspec, filelock, jinja2, torch

Successfully installed MarkupSafe-3.0.3 filelock-3.29.4 fsspec-2026.6.0 jinja2-3.1.6 mpmath-1.3.0 networkx-3.6.1 setuptools-82.0.1 sympy-1.14.0 torch-2.9.1 typing-extensions-4.15.0
